[level 1]

music = 01-main-theme-overworld.mp3

map = .....................................................................................................................................................................................................................
      ..................................................................................................................................................................q\\..............w\\\..............................
      ...................q\\..............w\\\...........................q\\.............w\\\............................q\\..............w\\\...............q\\................e\\\\......................f...............
      ...........................e\\\\........................q\\................e\\\\........................q\\................e\\\\........................................................................q\\..........
      ................................................................................g.g........................................................................................................mm........................
      ......................p.........................................................bbbbbbbb...bbbp..............p...........bbb....bppb......................................................mmm........................
      .........................................................................................................................................................................................mmmm........................
      ........................................................................................................................................................................................mmmmm..............r.........
      ...............p....bpbpb.....................3|.........3|..................bpb..............b.....bb....p..p..p.....b..........bb.....m..m..........mm..m............bbpb............mmmmmm..............|.........
      ......................................2|......||.........||............................................................................mm..mm........mmm..mm..........................mmmmmmm..............|.........
      H|||........................1|........||......||H|||.....||.....................................H|||..................................mmm..mmm.H||..mmmm..mmm.....1|..............1|.mmmmmmmm..H|||........|.........
      |||||.....6\\\\h||....g4\\..||........||g5\\\.||||g|g....||6\\\\h||....4\\...............5\\\...|g|g|....k.6\\\\hg|g...4\\..g.g..g.g.mmmm5\mmmm||||mmmmm..mmmm.h||||...4\\...g.g..||mmmmmmmmm..||||||.m....|||||.h\\.
      _____________________________________________________________________.._______________..._______________________________________________________________..___________________________________________________________

[_]
name = ground
sprite = ground_block.jpg

[.]
name = air
sprite = None


[b]
name = bricks
sprite = brick_block.png

[c]
name = coin

[M]
name = mushroom

[P]
name = player

[p]
name = power

[m]
name = metal

[1]
name = pipe

[2]
name = medium_pipe

[3]
name = big_pipe

[|]
name = dummy

[\]
name = dummy2
[4]
name = small_bush

[5]
name = medium_bush

[6]
name = big_bush

[7]
name = small_cloud

[8]
name = medium_cloud

[9]
name = large_cloud

[h]
name = small_hill
[H]
name = big_hill


[q]
name = small_cloud
[w]
name = medium_cloud
[e]
name = large_cloud

[r]
name = small_castle
[t]
name = big_castle

[f]
name = flagpole

[g]
name = goomba

[k]
name = koopa

